2021-08-20 13:54:10 INFO     test test test
2021-08-20 13:55:37 INFO     test test test
2021-08-20 13:55:51 INFO     test test test
2021-08-20 13:58:36 INFO     test test test
2021-08-20 13:58:36 INFO     testing from cool
